// Jest Snapshot v1, https://goo.gl/fbAQLP

exports[`InvestmentsTable rendering should render 1`] = `ShallowWrapper {}`;
