// Jest Snapshot v1, https://goo.gl/fbAQLP

exports[`UserInvestments rendering should render 1`] = `ShallowWrapper {}`;
