// Jest Snapshot v1, https://goo.gl/fbAQLP

exports[`InvestimentForm should render 1`] = `ShallowWrapper {}`;
