// Jest Snapshot v1, https://goo.gl/fbAQLP

exports[`UserInvestiments rendering should render 1`] = `ShallowWrapper {}`;
