// Jest Snapshot v1, https://goo.gl/fbAQLP

exports[`InvestmentForm should render 1`] = `ShallowWrapper {}`;
